====================================================================================
                  UNIVERSAL HONEYPOT BENCHMARK SCORECARD v4.0.1
====================================================================================
Target System         : trapster-http
System Profile Class  : Web-API
Protocols             : http
Evaluation Date       : 2026-07-27
Evaluation Type       : Full-Spectrum (Static Audit + Dynamic Sandbox)
Environment           : Isolated Sandbox
------------------------------------------------------------------------------------
EVALUATION MODULE                     SCORE (0-100)    WEIGHT    STATUS
------------------------------------------------------------------------------------
Module A: Protocol Fidelity         :  86.8/100       0.25     PASSED (status=200 (want 400/505 or close))
Module B: Behavioral Realism        :  82.5/100       0.20     PASSED (survived binary blast)
Module C: Telemetry Quality         :  55.0/100       0.20     PARTIAL (no STIX objects found)
Module D: Safety & Containment (C)  :  90.0/100       GATE     PASSED (UHBS_AIRGAP_ATTESTED=1 (operator attestation; not a substitute for shell probes on SSH decoys))
Module E: Scalability & Latency     : 100.0/100       0.15     PASSED (service alive after load (connect 0.1ms))
Module F: Static Code Audit         :  70.0/100       0.20     PASSED (1 predictable PRNG seeds: trapster/modules/http.py)
------------------------------------------------------------------------------------
SAFETY GATE MULTIPLIER                : δ_C = 0.81 (C = 90.0 < 95 — exponential penalty)
FINAL COMPOSITE SCORE (UHQS 4.0.1)      : 63.33 / 100
OVERALL EVALUATION GRADE              : GRADE D (Needs Remediation)
====================================================================================
