==> UHBS v4 target=opencanary-redis class=Low-Interaction protocols=['redis'] phases=['profile', 'static', 'sandbox', 'dynamic', 'score']
    plugins available: ftp, generic, http, modbus, redis, smb, smtp, ssh, telnet
====================================================================================
                  UNIVERSAL HONEYPOT BENCHMARK SCORECARD v4.0.1
====================================================================================
Target System         : opencanary-redis
System Profile Class  : Low-Interaction
Protocols             : redis
Evaluation Date       : 2026-07-27
Evaluation Type       : Full-Spectrum (Static Audit + Dynamic Sandbox)
Environment           : Full Docker lab: opencanary-redis
------------------------------------------------------------------------------------
EVALUATION MODULE                     SCORE (0-100)    WEIGHT    STATUS
------------------------------------------------------------------------------------
Module A: Protocol Fidelity         :  47.5/100       0.30     PARTIAL (-NOAUTH Authentication required.
)
Module B: Behavioral Realism        :  50.5/100       0.15     PARTIAL (-NOAUTH Authentication required.
)
Module C: Telemetry Quality         :  55.0/100       0.25     PARTIAL (no STIX objects found)
Module D: Safety & Containment (C)  :  90.0/100       GATE     PASSED (UHBS_AIRGAP_ATTESTED=1 (operator attestation; not a substitute for shell probes))
Module E: Scalability & Latency     : 100.0/100       0.10     PASSED (service alive after load (connect 0.1ms))
Module F: Static Code Audit         :  70.0/100       0.20     PASSED (bandit HIGH=21)
------------------------------------------------------------------------------------
SAFETY GATE MULTIPLIER                : δ_C = 0.81 (C = 90.0 < 95 — exponential penalty)
FINAL COMPOSITE SCORE (UHQS 4.0.1)      : 48.26 / 100
OVERALL EVALUATION GRADE              : GRADE F (Fail)
====================================================================================

Wrote /work/docs/conformance/reports/opencanary/redis/full/report.json
Wrote /work/docs/conformance/reports/opencanary/redis/full/MANIFEST.json
