==> UHBS v4 target=cowrie-telnet class=Low-Interaction protocols=['telnet'] phases=['profile', 'static', 'sandbox', 'dynamic', 'score']
    plugins available: ftp, generic, git, http, modbus, mysql, ntp, rdp, redis, sip, smb, smtp, snmp, ssh, telnet, tftp, vnc
====================================================================================
                  UNIVERSAL HONEYPOT BENCHMARK SCORECARD v4.0.1
====================================================================================
Target System         : cowrie-telnet
System Profile Class  : Low-Interaction
Protocols             : telnet
Evaluation Date       : 2026-07-27
Evaluation Type       : Full-Spectrum (Static Audit + Dynamic Sandbox)
Environment           : Quick Docker lab: cowrie-telnet (regrade post protocol-plugin hardening)
------------------------------------------------------------------------------------
EVALUATION MODULE                     SCORE (0-100)    WEIGHT    STATUS
------------------------------------------------------------------------------------
Module A: Protocol Fidelity         :  77.4/100       0.30     PASSED (no gold_baseline_host in TPS — KS compare skipped (set performance_baseline.gold_baseline_host))
Module B: Behavioral Realism        :  82.5/100       0.15     PASSED (survived binary blast)
Module C: Telemetry Quality         : 100.0/100       0.25     PASSED (telemetry_dir missing — set TPS/inventory telemetry_dir for C1 schema gates)
Module D: Safety & Containment (C)  :  75.0/100       GATE     PASSED (UHBS_AIRGAP_ATTESTED=1 (operator attestation; not a substitute for shell probes on SSH decoys))
Module E: Scalability & Latency     : 100.0/100       0.10     PASSED (service alive after load (connect 0.5ms))
Module F: Static Code Audit         :  87.8/100       0.20     PASSED (1 predictable PRNG seeds: src/backend_pool/util.py)
------------------------------------------------------------------------------------
SAFETY GATE MULTIPLIER                : δ_C = 0.5625 (C = 75.0 < 95 — exponential penalty)
FINAL COMPOSITE SCORE (UHQS 4.0.1)      : 49.59 / 100
OVERALL EVALUATION GRADE              : GRADE F (Fail)
====================================================================================

Wrote /work/docs/conformance/reports/cowrie/telnet/quick/report.json
Wrote /work/docs/conformance/reports/cowrie/telnet/quick/MANIFEST.json
