==> UHBS v4 target=opencanary-git class=Low-Interaction protocols=['git'] phases=['profile', 'static', 'sandbox', 'dynamic', 'score']
    plugins available: ftp, generic, git, http, modbus, mysql, ntp, rdp, redis, sip, smb, smtp, snmp, ssh, telnet, tftp, vnc
====================================================================================
                  UNIVERSAL HONEYPOT BENCHMARK SCORECARD v4.0.1
====================================================================================
Target System         : opencanary-git
System Profile Class  : Low-Interaction
Protocols             : git
Evaluation Date       : 2026-07-27
Evaluation Type       : Full-Spectrum (Static Audit + Dynamic Sandbox)
Environment           : quick Docker lab: opencanary-git
------------------------------------------------------------------------------------
EVALUATION MODULE                     SCORE (0-100)    WEIGHT    STATUS
------------------------------------------------------------------------------------
Module A: Protocol Fidelity         :  67.5/100       0.30     PARTIAL (median=1.325ms pstdev=5.733ms (target jitter often <2ms vs native))
Module B: Behavioral Realism        :  82.5/100       0.15     PASSED (survived binary blast)
Module C: Telemetry Quality         : 100.0/100       0.25     PASSED (telemetry_dir missing — set TPS/inventory telemetry_dir for C1 schema gates)
Module D: Safety & Containment (C)  :  75.0/100       GATE     PASSED (UHBS_AIRGAP_ATTESTED=1 (operator attestation; not a substitute for shell probes on SSH decoys))
Module E: Scalability & Latency     : 100.0/100       0.10     PASSED (service alive after load (connect 0.6ms))
Module F: Static Code Audit         :  82.7/100       0.20     PASSED (sleep/blocking markers in non-test code≈0)
------------------------------------------------------------------------------------
SAFETY GATE MULTIPLIER                : δ_C = 0.5625 (C = 75.0 < 95 — exponential penalty)
FINAL COMPOSITE SCORE (UHQS 4.0.1)      : 47.35 / 100
OVERALL EVALUATION GRADE              : GRADE F (Fail)
====================================================================================

Wrote /work/docs/conformance/reports/opencanary/git/quick/report.json
Wrote /work/docs/conformance/reports/opencanary/git/quick/MANIFEST.json
