==> UHBS v4 target=opencanary-rdp class=Low-Interaction protocols=['rdp'] phases=['profile', 'static', 'sandbox', 'dynamic', 'score']
    plugins available: ftp, generic, git, http, modbus, mysql, ntp, rdp, redis, sip, smb, smtp, snmp, ssh, telnet, tftp, vnc
====================================================================================
                  UNIVERSAL HONEYPOT BENCHMARK SCORECARD v4.0.1
====================================================================================
Target System         : opencanary-rdp
System Profile Class  : Low-Interaction
Protocols             : rdp
Evaluation Date       : 2026-07-27
Evaluation Type       : Full-Spectrum (Static Audit + Dynamic Sandbox)
Environment           : full Docker lab: opencanary-rdp
------------------------------------------------------------------------------------
EVALUATION MODULE                     SCORE (0-100)    WEIGHT    STATUS
------------------------------------------------------------------------------------
Module A: Protocol Fidelity         :  65.5/100       0.30     PARTIAL (no gold_baseline_host in TPS — KS compare skipped (set performance_baseline.gold_baseline_host))
Module B: Behavioral Realism        :  74.5/100       0.15     PASSED (survived binary blast)
Module C: Telemetry Quality         :  55.0/100       0.25     PARTIAL (no STIX objects found)
Module D: Safety & Containment (C)  :  90.0/100       GATE     PASSED (UHBS_AIRGAP_ATTESTED=1 (operator attestation; not a substitute for shell probes on SSH decoys))
Module E: Scalability & Latency     : 100.0/100       0.10     PASSED (service alive after load (connect 0.2ms))
Module F: Static Code Audit         :  70.0/100       0.20     PASSED (bandit HIGH=21)
------------------------------------------------------------------------------------
SAFETY GATE MULTIPLIER                : δ_C = 0.81 (C = 90.0 < 95 — exponential penalty)
FINAL COMPOSITE SCORE (UHQS 4.0.1)      : 55.55 / 100
OVERALL EVALUATION GRADE              : GRADE D (Needs Remediation)
====================================================================================

Wrote /work/docs/conformance/reports/opencanary/rdp/full/report.json
Wrote /work/docs/conformance/reports/opencanary/rdp/full/MANIFEST.json
