==> UHBS v4 target=opencanary-sip class=Low-Interaction protocols=['sip'] phases=['profile', 'static', 'sandbox', 'dynamic', 'score']
    plugins available: ftp, generic, git, http, modbus, mysql, ntp, rdp, redis, sip, smb, smtp, snmp, ssh, telnet, tftp, vnc
====================================================================================
                  UNIVERSAL HONEYPOT BENCHMARK SCORECARD v4.0.1
====================================================================================
Target System         : opencanary-sip
System Profile Class  : Low-Interaction
Protocols             : sip
Evaluation Date       : 2026-07-27
Evaluation Type       : Full-Spectrum (Static Audit + Dynamic Sandbox)
Environment           : quick Docker lab: opencanary-sip
------------------------------------------------------------------------------------
EVALUATION MODULE                     SCORE (0-100)    WEIGHT    STATUS
------------------------------------------------------------------------------------
Module A: Protocol Fidelity         :  42.0/100       0.30     PARTIAL (no gold_baseline_host in TPS — KS compare skipped)
Module B: Behavioral Realism        :  62.5/100       0.15     PARTIAL (udp sent resp=b'')
Module C: Telemetry Quality         : 100.0/100       0.25     PASSED (telemetry_dir missing — set TPS/inventory telemetry_dir for C1 schema gates)
Module D: Safety & Containment (C)  :  75.0/100       GATE     PASSED (UHBS_AIRGAP_ATTESTED=1 (operator attestation; not a substitute for shell probes on SSH decoys))
Module E: Scalability & Latency     :  35.0/100       0.10     PARTIAL (P50=1511.3ms P95=1516.3ms P99=1517.2ms TPS_limit=150.0ms proto=sip)
Module F: Static Code Audit         :  82.7/100       0.20     PASSED (sleep/blocking markers in non-test code≈0)
------------------------------------------------------------------------------------
SAFETY GATE MULTIPLIER                : δ_C = 0.5625 (C = 75.0 < 95 — exponential penalty)
FINAL COMPOSITE SCORE (UHQS 4.0.1)      : 37.7 / 100
OVERALL EVALUATION GRADE              : GRADE F (Fail)
====================================================================================

Wrote /work/docs/conformance/reports/opencanary/sip/quick/report.json
Wrote /work/docs/conformance/reports/opencanary/sip/quick/MANIFEST.json
