====================================================================================
                  UNIVERSAL HONEYPOT BENCHMARK SCORECARD v4.0.1
====================================================================================
Target System         : beelzebub-ssh
System Profile Class  : Low-Interaction
Protocols             : ssh
Evaluation Date       : 2026-07-27
Evaluation Type       : Full-Spectrum (Static Audit + Dynamic Sandbox)
Environment           : Isolated Sandbox
------------------------------------------------------------------------------------
EVALUATION MODULE                     SCORE (0-100)    WEIGHT    STATUS
------------------------------------------------------------------------------------
Module A: Protocol Fidelity         :  70.6/100       0.30     PASSED (accepted null ID)
Module B: Behavioral Realism        :   6.2/100       0.15     PARTIAL (marker missing across sessions)
Module C: Telemetry Quality         : 100.0/100       0.25     PASSED (telemetry_dir missing — set TPS/inventory telemetry_dir for C1 schema gates)
Module D: Safety & Containment (C)  : 100.0/100       GATE     PASSED (stable)
Module E: Scalability & Latency     : 100.0/100       0.10     PASSED (service alive after load (connect 0.5ms))
Module F: Static Code Audit         :  86.6/100       0.20     PASSED (sleep/blocking markers in non-test code≈0)
------------------------------------------------------------------------------------
SAFETY GATE MULTIPLIER                : δ_C = 1.0 (Containment Score C = 100.0 >= 95)
FINAL COMPOSITE SCORE (UHQS 4.0.1)      : 74.45 / 100
OVERALL EVALUATION GRADE              : GRADE C (Lab / Limited)
====================================================================================
