====================================================================================
                  UNIVERSAL HONEYPOT BENCHMARK SCORECARD v4.0.1
====================================================================================
Target System         : dionaea-smb
System Profile Class  : Low-Interaction
Protocols             : smb
Evaluation Date       : 2026-07-27
Evaluation Type       : Full-Spectrum (Static Audit + Dynamic Sandbox)
Environment           : Isolated Sandbox
------------------------------------------------------------------------------------
EVALUATION MODULE                     SCORE (0-100)    WEIGHT    STATUS
------------------------------------------------------------------------------------
Module A: Protocol Fidelity         :  70.4/100       0.30     PASSED (median=0.369ms pstdev=199.424ms (target jitter often <2ms vs native))
Module B: Behavioral Realism        :  82.5/100       0.15     PASSED (survived binary blast)
Module C: Telemetry Quality         :  55.0/100       0.25     PARTIAL (no STIX objects found)
Module D: Safety & Containment (C)  :  90.0/100       GATE     PASSED (UHBS_AIRGAP_ATTESTED=1 (operator attestation; not a substitute for shell probes on SSH decoys))
Module E: Scalability & Latency     :  55.0/100       0.10     PARTIAL (P50=1025.6ms P95=1183.5ms P99=1203.6ms TPS_limit=150.0ms proto=smb)
Module F: Static Code Audit         :  70.0/100       0.20     PASSED (bandit HIGH=9)
------------------------------------------------------------------------------------
SAFETY GATE MULTIPLIER                : δ_C = 0.81 (C = 90.0 < 95 — exponential penalty)
FINAL COMPOSITE SCORE (UHQS 4.0.1)      : 54.07 / 100
OVERALL EVALUATION GRADE              : GRADE D (Needs Remediation)
====================================================================================
