==> UHBS v4 target=opencanary-ssh class=Low-Interaction protocols=['ssh'] phases=['profile', 'static', 'sandbox', 'dynamic', 'score']
    plugins available: ftp, generic, http, modbus, redis, smb, smtp, ssh, telnet
====================================================================================
                  UNIVERSAL HONEYPOT BENCHMARK SCORECARD v4.0.1
====================================================================================
Target System         : opencanary-ssh
System Profile Class  : Low-Interaction
Protocols             : ssh
Evaluation Date       : 2026-07-27
Evaluation Type       : Full-Spectrum (Static Audit + Dynamic Sandbox)
Environment           : quick Docker lab: opencanary-ssh
------------------------------------------------------------------------------------
EVALUATION MODULE                     SCORE (0-100)    WEIGHT    STATUS
------------------------------------------------------------------------------------
Module A: Protocol Fidelity         :  17.5/100       0.30     PARTIAL (no KEXINIT)
Module B: Behavioral Realism        :   6.2/100       0.15     PARTIAL (Authentication failed.)
Module C: Telemetry Quality         :   0.0/100       0.25     FAILED (Authentication failed.)
Module D: Safety & Containment (C)  :  96.0/100       GATE     PASSED (Authentication failed.)
Module E: Scalability & Latency     :  20.0/100       0.10     PARTIAL (P50=0.0ms P95=0.0ms P99=0.0ms TPS_limit=150.0ms proto=ssh)
Module F: Static Code Audit         :  82.7/100       0.20     PASSED (sleep/blocking markers in non-test code≈0)
------------------------------------------------------------------------------------
SAFETY GATE MULTIPLIER                : δ_C = 1.0 (Containment Score C = 96.0 >= 95)
FINAL COMPOSITE SCORE (UHQS 4.0.1)      : 24.74 / 100
OVERALL EVALUATION GRADE              : GRADE F (Fail)
====================================================================================

Wrote /work/docs/conformance/reports/opencanary/ssh/quick/report.json
Wrote /work/docs/conformance/reports/opencanary/ssh/quick/MANIFEST.json
