==> UHBS v4 target=echidra class=Low-Interaction protocols=['ssh'] phases=['profile', 'static', 'sandbox', 'dynamic', 'score']
    plugins available: ftp, generic, http, modbus, redis, smb, smtp, ssh, telnet
====================================================================================
                  UNIVERSAL HONEYPOT BENCHMARK SCORECARD v4.0
====================================================================================
Target System         : echidra
System Profile Class  : Low-Interaction
Protocols             : ssh
Evaluation Date       : 2026-09-15
Evaluation Type       : Full-Spectrum (Static Audit + Dynamic Sandbox)
Environment           : Full Docker lab: EchidraOSS SSH :2222 + 1000-sample A3 + SAST + telemetry
------------------------------------------------------------------------------------
EVALUATION MODULE                     SCORE (0-100)    WEIGHT    STATUS
------------------------------------------------------------------------------------
Module A: Protocol Fidelity         :  21.5/100       0.30     PARTIAL (accepted null ID)
Module B: Behavioral Realism        :  25.0/100       0.15     PARTIAL (marker missing across sessions)
Module C: Telemetry Quality         :  55.0/100       0.25     PARTIAL (no STIX objects found)
Module D: Safety & Containment (C)  : 100.0/100       GATE     PASSED (stable)
Module E: Scalability & Latency     :  55.0/100       0.10     PARTIAL (P50=1315.8ms P95=1813.5ms P99=1858.7ms TPS_limit=100.0ms proto=ssh)
Module F: Static Code Audit         :  70.0/100       0.20     PASSED (1 hardcoded SSH banners: honeypot/core/persona.py)
------------------------------------------------------------------------------------
SAFETY GATE MULTIPLIER                : δ_C = 1.0 (Containment Score C = 100.0 >= 95)
FINAL COMPOSITE SCORE (UHQS 4.0)      : 43.45 / 100
OVERALL EVALUATION GRADE              : GRADE F (Fail)
====================================================================================

Wrote /work/docs/conformance/reports/echidra/full/report.json
Wrote /work/docs/conformance/reports/echidra/full/MANIFEST.json
