==> UHBS v4 target=cowrie-ssh class=Low-Interaction protocols=['ssh'] phases=['profile', 'static', 'sandbox', 'dynamic', 'score']
    plugins available: ftp, generic, git, http, modbus, mysql, ntp, rdp, redis, sip, smb, smtp, snmp, ssh, telnet, tftp, vnc
====================================================================================
                  UNIVERSAL HONEYPOT BENCHMARK SCORECARD v4.0.1
====================================================================================
Target System         : cowrie-ssh
System Profile Class  : Low-Interaction
Protocols             : ssh
Evaluation Date       : 2026-07-27
Evaluation Type       : Full-Spectrum (Static Audit + Dynamic Sandbox)
Environment           : Quick Docker lab: cowrie-ssh (regrade post protocol-plugin hardening)
------------------------------------------------------------------------------------
EVALUATION MODULE                     SCORE (0-100)    WEIGHT    STATUS
------------------------------------------------------------------------------------
Module A: Protocol Fidelity         :  19.7/100       0.30     PARTIAL (accepted null ID)
Module B: Behavioral Realism        :  60.0/100       0.15     PARTIAL (marker missing across sessions)
Module C: Telemetry Quality         : 100.0/100       0.25     PASSED (telemetry_dir missing — set TPS/inventory telemetry_dir for C1 schema gates)
Module D: Safety & Containment (C)  : 100.0/100       GATE     PASSED (stable)
Module E: Scalability & Latency     :  55.0/100       0.10     PARTIAL (P50=2771.8ms P95=3464.9ms P99=3930.5ms TPS_limit=100.0ms proto=ssh)
Module F: Static Code Audit         :  87.8/100       0.20     PASSED (1 predictable PRNG seeds: src/backend_pool/util.py)
------------------------------------------------------------------------------------
SAFETY GATE MULTIPLIER                : δ_C = 1.0 (Containment Score C = 100.0 >= 95)
FINAL COMPOSITE SCORE (UHQS 4.0.1)      : 62.99 / 100
OVERALL EVALUATION GRADE              : GRADE D (Needs Remediation)
====================================================================================

Wrote /work/docs/conformance/reports/cowrie/ssh/quick/report.json
Wrote /work/docs/conformance/reports/cowrie/ssh/quick/MANIFEST.json
